                                                                                                    	at android.os.flagging.AconfigPackage.load(AconfigPackage.java:132)
                                                                                                    	at com.android.internal.pm.pkg.component.AconfigFlags.lambda$getFlagValueFromNewStorage$0(AconfigFlags.java:261)
                                                                                                    	at com.android.internal.pm.pkg.component.AconfigFlags$$ExternalSyntheticLambda0.apply(D8$$SyntheticClass:0)
                                                                                                    	at java.util.concurrent.ConcurrentHashMap.computeIfAbsent(ConcurrentHashMap.java:1713)
                                                                                                    	at com.android.internal.pm.pkg.component.AconfigFlags.getFlagValueFromNewStorage(AconfigFlags.java:259)
                                                                                                    	at com.android.internal.pm.pkg.component.AconfigFlags.getFlagValue(AconfigFlags.java:225)
                                                                                                    	at com.android.server.pm.parsing.PackageCacher.getCachedResult(PackageCacher.java:214)
                                                                                                    	at com.android.internal.pm.parsing.PackageParser2.parsePackage(PackageParser2.java:126)
                                                                                                    	at com.android.server.pm.ParallelPackageParser.parsePackage(ParallelPackageParser.java:130)
                                                                                                    	at com.android.server.pm.ParallelPackageParser.lambda$submit$0(ParallelPackageParser.java:108)
                                                                                                    	at com.android.server.pm.ParallelPackageParser.$r8$lambda$uW6lAW1ixaCdJ_8ZINGbyQGIceg(ParallelPackageParser.java:0)
                                                                                                    	at com.android.server.pm.ParallelPackageParser$$ExternalSyntheticLambda0.run(R8$$SyntheticClass:0)
                                                                                                    	at java.util.concurrent.Executors$RunnableAdapter.call(Executors.java:524)
                                                                                                    	at java.util.concurrent.FutureTask.run(FutureTask.java:317)
                                                                                                    	at java.util.concurrent.ThreadPoolExecutor.runWorker(ThreadPoolExecutor.java:1156)
                                                                                                    	at java.util.concurrent.ThreadPoolExecutor$Worker.run(ThreadPoolExecutor.java:651)
                                                                                                    	at com.android.internal.util.ConcurrentUtils$1$1.run(ConcurrentUtils.java:65)
2026-05-07 12:24:13.018   713-790   AconfigFlags            system_server                        E  Failed to load aconfig package android.xr
                                                                                                    android.os.flagging.AconfigStorageReadException: ERROR_PACKAGE_NOT_FOUND: package android.xr cannot be found on the device
                                                                                                    	at android.os.flagging.AconfigPackage.load(AconfigPackage.java:132)
                                                                                                    	at com.android.internal.pm.pkg.component.AconfigFlags.lambda$getFlagValueFromNewStorage$0(AconfigFlags.java:261)
                                                                                                    	at com.android.internal.pm.pkg.component.AconfigFlags$$ExternalSyntheticLambda0.apply(D8$$SyntheticClass:0)
                                                                                                    	at java.util.concurrent.ConcurrentHashMap.computeIfAbsent(ConcurrentHashMap.java:1713)
                                                                                                    	at com.android.internal.pm.pkg.component.AconfigFlags.getFlagValueFromNewStorage(AconfigFlags.java:259)
                                                                                                    	at com.android.internal.pm.pkg.component.AconfigFlags.getFlagValue(AconfigFlags.java:225)
                                                                                                    	at com.android.server.pm.parsing.PackageCacher.getCachedResult(PackageCacher.java:214)
                                                                                                    	at com.android.internal.pm.parsing.PackageParser2.parsePackage(PackageParser2.java:126)
                                                                                                    	at com.android.server.pm.ParallelPackageParser.parsePackage(ParallelPackageParser.java:130)
                                                                                                    	at com.android.server.pm.ParallelPackageParser.lambda$submit$0(ParallelPackageParser.java:108)
                                                                                                    	at com.android.server.pm.ParallelPackageParser.$r8$lambda$uW6lAW1ixaCdJ_8ZINGbyQGIceg(ParallelPackageParser.java:0)
                                                                                                    	at com.android.server.pm.ParallelPackageParser$$ExternalSyntheticLambda0.run(R8$$SyntheticClass:0)
                                                                                                    	at java.util.concurrent.Executors$RunnableAdapter.call(Executors.java:524)
                                                                                                    	at java.util.concurrent.FutureTask.run(FutureTask.java:317)
                                                                                                    	at java.util.concurrent.ThreadPoolExecutor.runWorker(ThreadPoolExecutor.java:1156)
                                                                                                    	at java.util.concurrent.ThreadPoolExecutor$Worker.run(ThreadPoolExecutor.java:651)
                                                                                                    	at com.android.internal.util.ConcurrentUtils$1$1.run(ConcurrentUtils.java:65)
2026-05-07 12:24:13.055   713-788   PackageCacher           system_server                        D  Feature flags for package /system/priv-app/Shell: {android.security.aapm_api=true, android.permission.flags.replace_body_sensor_permission_enabled=true, android.permission.flags.health_connect_backup_restore_permission_enabled=true, android.permission.flags.text_classifier_choice_api_enabled=true, android.security.protect_device_config_flags=true, android.security.afl_api=true, android.companion.virtualdevice.flags.enable_limited_vdm_role=false}
2026-05-07 12:24:13.226   713-713   PackageManager          system_server                        W  Skipping provider name com.google.android.apps.messaging.photopicker_images (in package com.google.android.apps.messaging): name already used by com.google.android.apps.messaging
2026-05-07 12:24:13.232   713-713   PackageManager          system_server                        W  Failed to scan /product/priv-app/Phonesky: Package com.android.vending at /product/priv-app/Phonesky ignored: updated version 84861930 better than this 84532130
2026-05-07 12:24:13.234   713-713   PackageManager          system_server                        W  Skipping provider name com.google.android.settings.intelligence (in package com.google.android.settings.intelligence): name already used by com.google.android.settings.intelligence
2026-05-07 12:24:13.248   713-713   PackageManager          system_server                        W  Failed to scan /product/priv-app/PrebuiltGmsCore: Package com.google.android.gms at /product/priv-app/PrebuiltGmsCore ignored: updated version 254334038 better than this 250834038
2026-05-07 12:24:13.252   713-713   PackageManager          system_server                        W  Failed to parse /product/app/Chrome: Missing base APK in /product/app/Chrome
2026-05-07 12:24:13.253   713-713   PackageManager          system_server                        W  Failed to scan /product/app/Chrome-Stub: Package com.android.chrome at /product/app/Chrome-Stub ignored: updated version 694313738 better than this 694313738
2026-05-07 12:24:13.314   713-713   PackageManager          system_server                        W  Failed to parse /product/app/TrichromeLibrary: Missing base APK in /product/app/TrichromeLibrary
2026-05-07 12:24:13.326   713-713   PackageManager          system_server                        W  Failed to scan /product/app/TrichromeLibrary-Stub: Package com.google.android.trichromelibrary_694313738 at /product/app/TrichromeLibrary-Stub ignored: updated version 694313738 better than this 694313738
2026-05-07 12:24:13.326   713-713   PackageManager          system_server                        W  Failed to parse /product/app/WebViewGoogle: Missing base APK in /product/app/WebViewGoogle
2026-05-07 12:24:13.326   713-713   PackageManager          system_server                        W  Failed to scan /product/app/WebViewGoogle-Stub: Package com.google.android.webview at /product/app/WebViewGoogle-Stub ignored: updated version 694313738 better than this 694313738
2026-05-07 12:24:13.355   713-789   PackageCacher           system_server                        D  Feature flags for package /system_ext/priv-app/SystemUIGoogle: {com.android.wm.shell.enable_retrievable_bubbles=false}
2026-05-07 12:24:13.373   713-791   PackageCacher           system_server                        D  Feature flags for package /system_ext/priv-app/SettingsGoogle: {android.view.contentprotection.flags.exported_settings_activity_enabled=true, com.android.settings.keyboard.keyboard_and_touchpad_a11y_new_page_enabled=true, android.app.ui_rich_ongoing=false, android.security.aapm_api=true, com.android.settingslib.flags.settings_catalyst=true, android.app.modes_ui=true, android.app.supervision.flags.supervision_manager_apis=false, com.android.settings.flags.catalyst_service=true, android.provider.new_default_account_api_enabled=true}
2026-05-07 12:24:13.409   713-713   ApexManager             system_server                        I  Registering com.google.android.uwb.resources as apk-in-apex of com.android.uwb
2026-05-07 12:24:13.414   713-713   ApexManager             system_server                        I  Registering com.google.android.server.deviceconfig.resources as apk-in-apex of com.android.configinfrastructure
2026-05-07 12:24:13.418   713-713   ApexManager             system_server                        I  Registering com.google.android.cellbroadcastservice as apk-in-apex of com.android.cellbroadcast
2026-05-07 12:24:13.420   713-713   ApexManager             system_server                        I  Registering com.google.android.cellbroadcastreceiver as apk-in-apex of com.android.cellbroadcast
2026-05-07 12:24:13.426   713-713   ApexManager             system_server                        I  Registering com.google.android.healthconnect.controller as apk-in-apex of com.android.healthfitness
2026-05-07 12:24:13.436   713-713   ApexManager             system_server                        I  Registering com.google.android.health.connect.backuprestore as apk-in-apex of com.android.healthfitness
2026-05-07 12:24:13.442   713-713   ApexManager             system_server                        I  Registering com.google.android.wifi.resources as apk-in-apex of com.android.wifi
2026-05-07 12:24:13.449   713-713   ApexManager             system_server                        I  Registering com.google.android.wifi.dialog as apk-in-apex of com.android.wifi
2026-05-07 12:24:13.450   713-713   ApexManager             system_server                        I  Registering com.google.android.hotspot2.osulogin as apk-in-apex of com.android.wifi
2026-05-07 12:24:13.456   713-713   ApexManager             system_server                        I  Registering com.android.virtualization.terminal as apk-in-apex of com.android.virt
2026-05-07 12:24:13.460   713-713   ApexManager             system_server                        I  Registering com.android.virtualmachine.res as apk-in-apex of com.android.virt
2026-05-07 12:24:13.464   713-713   ApexManager             system_server                        I  Registering com.android.microdroid.empty_payload as apk-in-apex of com.android.virt
2026-05-07 12:24:13.467   713-713   ApexManager             system_server                        I  Registering com.android.compos.payload as apk-in-apex of com.android.compos
2026-05-07 12:24:13.476   713-713   ApexManager             system_server                        I  Registering com.google.android.ext.services as apk-in-apex of com.android.extservices
2026-05-07 12:24:13.484   713-713   ApexManager             system_server                        I  Registering com.google.android.bluetooth as apk-in-apex of com.android.bt
2026-05-07 12:24:13.487   713-713   ApexManager             system_server                        I  Registering com.android.cts.priv.ctsshim as apk-in-apex of com.android.apex.cts.shim
2026-05-07 12:24:13.490   713-713   ApexManager             system_server                        I  Registering com.android.cts.ctsshim as apk-in-apex of com.android.apex.cts.shim
2026-05-07 12:24:13.500   713-713   ApexManager             system_server                        I  Registering com.google.android.adservices.api as apk-in-apex of com.android.adservices
2026-05-07 12:24:13.503   713-713   ApexManager             system_server                        I  Registering com.google.android.sdksandbox as apk-in-apex of com.android.adservices
2026-05-07 12:24:13.510   713-713   ApexManager             system_server                        I  Registering com.google.android.appsearch.apk as apk-in-apex of com.android.appsearch
2026-05-07 12:24:13.518   713-713   ApexManager             system_server                        I  Registering com.google.android.ondevicepersonalization.services as apk-in-apex of com.android.ondevicepersonalization
2026-05-07 12:24:13.525   713-713   ApexManager             system_server                        I  Registering com.google.android.federatedcompute as apk-in-apex of com.android.ondevicepersonalization
2026-05-07 12:24:13.535   713-713   ApexManager             system_server                        I  Registering com.google.android.safetycenter.resources as apk-in-apex of com.android.permission
2026-05-07 12:24:13.537   713-713   ApexManager             system_server                        I  Registering com.google.android.permissioncontroller as apk-in-apex of com.android.permission
2026-05-07 12:24:13.543   713-713   ApexManager             system_server                        I  Registering com.android.devicelockcontroller as apk-in-apex of com.android.devicelock
2026-05-07 12:24:13.549   713-713   ApexManager             system_server                        I  Registering com.google.android.rkpdapp as apk-in-apex of com.android.rkpd
2026-05-07 12:24:13.556   713-788   PackageCacher           system_server                        D  Feature flags for package /apex/com.android.nfcservices/priv-app/NfcNciApexGoogle@360527520: {com.android.nfc.flags.enable_direct_boot_aware=true}
2026-05-07 12:24:13.557   713-713   ApexManager             system_server                        I  Registering com.android.nfc as apk-in-apex of com.android.nfcservices
2026-05-07 12:24:13.558   713-713   ApexManager             system_server                        I  Registering com.google.android.nfc as apk-in-apex of com.android.nfcservices
2026-05-07 12:24:13.570   713-713   ApexManager             system_server                        I  Registering com.google.android.connectivity.resources as apk-in-apex of com.android.tethering
2026-05-07 12:24:13.572   713-713   ApexManager             system_server                        I  Registering com.google.android.networkstack.tethering as apk-in-apex of com.android.tethering
2026-05-07 12:24:13.580   713-713   ApexManager             system_server                        I  Registering com.google.android.providers.media.module as apk-in-apex of com.android.mediaprovider
2026-05-07 12:24:13.583   713-713   ApexManager             system_server                        I  Registering com.google.android.photopicker as apk-in-apex of com.android.mediaprovider
2026-05-07 12:24:13.606   713-713   PackageManager          system_server                        I  Finished scanning system apps. Time: 1119 ms, packageCount: 294 , timePerPackage: 3 , cached: 299
2026-05-07 12:24:13.615   713-713   PackageManager          system_server                        W  Relax SCAN_REQUIRE_KNOWN requirement for package com.google.android.trichromelibrary_694313738
2026-05-07 12:24:13.627   713-713   PackageManager          system_server                        W  Relax SCAN_REQUIRE_KNOWN requirement for package com.google.android.webview
2026-05-07 12:24:13.636   713-713   PackageManager          system_server                        W  Relax SCAN_REQUIRE_KNOWN requirement for package com.android.chrome
2026-05-07 12:24:13.637   713-790   Configuration           system_server                        V  Updating configuration, locales updated from [] to [en_US]
2026-05-07 12:24:13.646   713-713   PackageManager          system_server                        W  Relax SCAN_REQUIRE_KNOWN requirement for package com.android.vending
2026-05-07 12:24:13.676   713-713   PackageManager          system_server                        W  Relax SCAN_REQUIRE_KNOWN requirement for package com.google.android.gms
2026-05-07 12:24:13.700   713-713   PackageManager          system_server                        I  Finished scanning non-system apps. Time: 94 ms, packageCount: 8 , timePerPackage: 11 , cached: 7
2026-05-07 12:24:13.726   713-713   PackageManager          system_server                        I  Time to scan packages: 1.239 seconds
2026-05-07 12:24:13.782   713-713   AppIdPermissionPolicy   system_server                        W  Ignoring permission com.google.android.gtalkservice.permission.GTALK_SERVICE declared in system package com.google.android.gsf: already declared in another system package com.google.android.gms
2026-05-07 12:24:13.782   713-713   AppIdPermissionPolicy   system_server                        W  Ignoring permission com.google.android.c2dm.permission.SEND declared in system package com.google.android.gsf: already declared in another system package com.google.android.gms
2026-05-07 12:24:13.782   713-713   AppIdPermissionPolicy   system_server                        W  Ignoring permission com.google.android.c2dm.permission.RECEIVE declared in system package com.google.android.gsf: already declared in another system package com.google.android.gms
2026-05-07 12:24:13.782   713-713   AppIdPermissionPolicy   system_server                        W  Ignoring permission com.android.vending.INTENT_VENDING_ONLY declared in system package com.google.android.gsf: already declared in another system package com.google.android.gms
2026-05-07 12:24:13.782   713-713   AppIdPermissionPolicy   system_server                        W  Ignoring permission com.google.android.providers.settings.permission.WRITE_GSETTINGS declared in system package com.google.android.gsf: already declared in another system package com.google.android.gms
2026-05-07 12:24:13.782   713-713   AppIdPermissionPolicy   system_server                        W  Ignoring permission com.google.android.providers.gsf.permission.READ_GSERVICES declared in system package com.google.android.gsf: already declared in another system package com.google.android.gms
2026-05-07 12:24:13.782   713-713   AppIdPermissionPolicy   system_server                        W  Ignoring permission com.google.android.providers.gsf.permission.WRITE_GSERVICES declared in system package com.google.android.gsf: already declared in another system package com.google.android.gms
2026-05-07 12:24:13.782   713-713   AppIdPermissionPolicy   system_server                        W  Ignoring permission com.google.android.apps.wallpaper.DYNAMIC_RECEIVER_NOT_EXPORTED_PERMISSION declared in system package com.google.android.apps.wallpaper: already declared in another system package com.android.wallpaper
2026-05-07 12:24:13.797   713-713   PackageManager          system_server                        V  reconcileAppsData for null u0 0x1 migrateAppData=true
2026-05-07 12:24:13.853   713-713   PackageManager          system_server                        V  reconcileAppsData finished 27 packages
2026-05-07 12:24:13.854   713-713   PackageManagerTiming    system_server                        D  write settings
2026-05-07 12:24:13.854   713-798   SystemServerTimingAsync system_server                        D  InitThreadPoolExec:prepareAppData
2026-05-07 12:24:13.934   713-713   PackageManager          system_server                        I  Fix for b/169414761 is applied
2026-05-07 12:24:13.935   713-713   UserSystem...eInstaller system_server                        V  Checking that all system packages are whitelisted.
2026-05-07 12:24:13.936   713-713   UserSystem...eInstaller system_server                        W  checkWhitelistedSystemPackages(mode=d) has 66 warnings:
2026-05-07 12:24:13.936   713-713   UserSystem...eInstaller system_server                        W  com.android.theme.color.amethyst is allowlisted but not present.
2026-05-07 12:24:13.937   713-713   UserSystem...eInstaller system_server                        W  com.android.theme.icon.pebble is allowlisted but not present.
2026-05-07 12:24:13.937   713-713   UserSystem...eInstaller system_server                        W  com.android.internal.systemui.navbar.gestural_wide_back is allowlisted but not present.
2026-05-07 12:24:13.937   713-713   UserSystem...eInstaller system_server                        W  com.android.theme.color.sand is allowlisted but not present.
2026-05-07 12:24:13.937   713-713   UserSystem...eInstaller system_server                        W  com.android.theme.icon.vessel is allowlisted but not present.
2026-05-07 12:24:13.937   713-713   UserSystem...eInstaller system_server                        W  com.android.theme.color.cinnamon is allowlisted but not present.
2026-05-07 12:24:13.937   713-713   UserSystem...eInstaller system_server                        W  com.android.theme.icon_pack.victor.settings is allowlisted but not present.
2026-05-07 12:24:13.937   713-713   UserSystem...eInstaller system_server                        W  com.android.theme.icon_pack.rounded.systemui is allowlisted but not present.
2026-05-07 12:24:13.937   713-713   UserSystem...eInstaller system_server                        W  com.android.theme.icon.taperedrect is allowlisted but not present.
2026-05-07 12:24:13.937   713-713   UserSystem...eInstaller system_server                        W  com.android.documentsui is allowlisted but not present.
2026-05-07 12:24:13.937   713-713   UserSystem...eInstaller system_server                        W  com.android.quicksearchbox is allowlisted but not present.
2026-05-07 12:24:13.937   713-713   UserSystem...eInstaller system_server                        W  com.android.messaging is allowlisted but not present.
2026-05-07 12:24:13.937   713-713   UserSystem...eInstaller system_server                        W  com.android.theme.icon_pack.rounded.android is allowlisted but not present.
2026-05-07 12:24:13.937   713-713   UserSystem...eInstaller system_server                        W  com.android.internal.systemui.onehanded.gestural is allowlisted but not present.
2026-05-07 12:24:13.937   713-713   UserSystem...eInstaller system_server                        W  com.android.multiuser is allowlisted but not present.
2026-05-07 12:24:13.937   713-713   UserSystem...eInstaller system_server                        W  com.android.theme.icon_pack.victor.systemui is allowlisted but not present.
2026-05-07 12:24:13.937   713-713   UserSystem...eInstaller system_server                        W  com.android.theme.icon_pack.circular.themepicker is allowlisted but not present.
2026-05-07 12:24:13.937   713-713   UserSystem...eInstaller system_server                        W  com.android.avatarpicker is allowlisted but not present.
2026-05-07 12:24:13.937   713-713   UserSystem...eInstaller system_server                        W  com.android.theme.color.tangerine is allowlisted but not present.
2026-05-07 12:24:13.937   713-713   UserSystem...eInstaller system_server                        W  com.android.theme.color.aquamarine is allowlisted but not present.
2026-05-07 12:24:13.937   713-713   UserSystem...eInstaller system_server                        W  com.android.theme.color.black is allowlisted but not present.
2026-05-07 12:24:13.937   713-713   UserSystem...eInstaller system_server                        W  com.android.theme.color.green is allowlisted but not present.
2026-05-07 12:24:13.937   713-713   UserSystem...eInstaller system_server                        W  com.android.theme.color.ocean is allowlisted but not present.
2026-05-07 12:24:13.937   713-713   UserSystem...eInstaller system_server                        W  com.android.theme.color.space is allowlisted but not present.
2026-05-07 12:24:13.937   713-713   UserSystem...eInstaller system_server                        W  com.android.contacts is allowlisted but not present.
2026-05-07 12:24:13.937   713-713   UserSystem...eInstaller system_server                        W  com.android.theme.icon_pack.rounded.launcher is allowlisted but not present.
2026-05-07 12:24:13.937   713-713   UserSystem...eInstaller system_server                        W  com.android.theme.icon_pack.kai.settings is allowlisted but not present.
2026-05-07 12:24:13.937   713-713   UserSystem...eInstaller system_server                        W  com.android.theme.icon_pack.sam.settings is allowlisted but not present.
2026-05-07 12:24:13.937   713-713   UserSystem...eInstaller system_server                        W  com.android.calendar is allowlisted but not present.
2026-05-07 12:24:13.937   713-713   UserSystem...eInstaller system_server                        W  com.android.internal.systemui.navbar.gestural_extra_wide_back is allowlisted but not present.
2026-05-07 12:24:13.937   713-713   UserSystem...eInstaller system_server                        W  com.android.theme.icon_pack.kai.themepicker is allowlisted but not present.
2026-05-07 12:24:13.937   713-713   UserSystem...eInstaller system_server                        W  com.android.theme.icon_pack.victor.launcher is allowlisted but not present.
2026-05-07 12:24:13.938   713-713   UserSystem...eInstaller system_server                        W  com.android.theme.icon_pack.filled.settings is allowlisted but not present.
2026-05-07 12:24:13.938   713-713   UserSystem...eInstaller system_server                        W  com.android.theme.icon_pack.kai.systemui is allowlisted but not present.
2026-05-07 12:24:13.938   713-713   UserSystem...eInstaller system_server                        W  com.android.theme.icon_pack.circular.settings is allowlisted but not present.
2026-05-07 12:24:13.938   713-713   UserSystem...eInstaller system_server                        W  com.android.privatespace is allowlisted but not present.
2026-05-07 12:24:13.938   713-713   UserSystem...eInstaller system_server                        W  com.android.theme.icon_pack.sam.systemui is allowlisted but not present.
2026-05-07 12:24:13.938   713-713   UserSystem...eInstaller system_server                        W  com.android.theme.icon.teardrop is allowlisted but not present.
2026-05-07 12:24:13.938   713-713   UserSystem...eInstaller system_server                        W  com.android.theme.icon_pack.rounded.themepicker is allowlisted but not present.
2026-05-07 12:24:13.938   713-713   UserSystem...eInstaller system_server                        W  com.android.dialer is allowlisted but not present.
2026-05-07 12:24:13.938   713-713   UserSystem...eInstaller system_server                        W  com.android.gallery3d is allowlisted but not present.
2026-05-07 12:24:13.938   713-713   UserSystem...eInstaller system_server                        W  com.android.theme.icon_pack.filled.systemui is allowlisted but not present.
2026-05-07 12:24:13.938   713-713   UserSystem...eInstaller system_server                        W  com.android.theme.icon_pack.sam.android is allowlisted but not present.
2026-05-07 12:24:13.938   713-713   UserSystem...eInstaller system_server                        W  com.android.theme.icon_pack.filled.android is allowlisted but not present.
2026-05-07 12:24:13.938   713-713   UserSystem...eInstaller system_server                        W  com.android.theme.icon_pack.circular.systemui is allowlisted but not present.
2026-05-07 12:24:13.938   713-713   UserSystem...eInstaller system_server                        W  com.android.inputmethod.latin is allowlisted but not present.
2026-05-07 12:24:13.938   713-713   UserSystem...eInstaller system_server                        W  com.android.theme.icon_pack.kai.android is allowlisted but not present.
2026-05-07 12:24:13.938   713-713   UserSystem...eInstaller system_server                        W  com.android.theme.icon_pack.kai.launcher is allowlisted but not present.
2026-05-07 12:24:13.938   713-713   UserSystem...eInstaller system_server                        W  com.android.theme.icon_pack.sam.launcher is allowlisted but not present.
2026-05-07 12:24:13.938   713-713   UserSystem...eInstaller system_server                        W  com.android.theme.icon.squircle is allowlisted but not present.
2026-05-07 12:24:13.938   713-713   UserSystem...eInstaller system_server                        W  com.android.theme.icon_pack.victor.android is allowlisted but not present.
2026-05-07 12:24:13.938   713-713   UserSystem...eInstaller system_server                        W  com.android.theme.color.palette is allowlisted but not present.
2026-05-07 12:24:13.938   713-713   UserSystem...eInstaller system_server                        W  com.android.theme.icon_pack.filled.launcher is allowlisted but not present.
2026-05-07 12:24:13.938   713-713   UserSystem...eInstaller system_server                        W  com.android.theme.color.carbon is allowlisted but not present.
2026-05-07 12:24:13.938   713-713   UserSystem...eInstaller system_server                        W  com.android.theme.icon_pack.circular.launcher is allowlisted but not present.
2026-05-07 12:24:13.938   713-713   UserSystem...eInstaller system_server                        W  com.android.theme.icon_pack.filled.themepicker is allowlisted but not present.
2026-05-07 12:24:13.938   713-713   UserSystem...eInstaller system_server                        W  com.android.theme.icon_pack.victor.themepicker is allowlisted but not present.
2026-05-07 12:24:13.938   713-713   UserSystem...eInstaller system_server                        W  com.android.theme.color.orchid is allowlisted but not present.
2026-05-07 12:24:13.938   713-713   UserSystem...eInstaller system_server                        W  com.android.deskclock is allowlisted but not present.
2026-05-07 12:24:13.938   713-713   UserSystem...eInstaller system_server                        W  com.android.theme.color.purple is allowlisted but not present.
2026-05-07 12:24:13.938   713-713   UserSystem...eInstaller system_server                        W  com.android.theme.icon_pack.sam.themepicker is allowlisted but not present.
2026-05-07 12:24:13.938   713-713   UserSystem...eInstaller system_server                        W  com.android.wallpaperpicker is allowlisted but not present.
2026-05-07 12:24:13.938   713-713   UserSystem...eInstaller system_server                        W  com.android.theme.icon.roundedrect is allowlisted but not present.
2026-05-07 12:24:13.938   713-713   UserSystem...eInstaller system_server                        W  com.android.internal.systemui.navbar.gestural_narrow_back is allowlisted but not present.
2026-05-07 12:24:13.939   713-713   UserSystem...eInstaller system_server                        W  com.android.theme.icon_pack.rounded.settings is allowlisted but not present.
2026-05-07 12:24:13.939   713-713   UserSystem...eInstaller system_server                        W  com.android.theme.icon_pack.circular.android is allowlisted but not present.
2026-05-07 12:24:13.942   713-713   Watchdog                system_server                        I  Resuming HandlerChecker: main thread for reason: packagemanagermain. Pause count: 0
2026-05-07 12:24:13.942   713-713   SystemServerTiming      system_server                        D  DexUseManagerLocal
2026-05-07 12:24:13.973   713-713   SystemServerTiming      system_server                        D  StartOtaDexOptService
2026-05-07 12:24:13.973   713-713   Watchdog                system_server                        I  Pausing HandlerChecker: main thread for reason: moveab. Pause count: 1
2026-05-07 12:24:13.974   713-713   OTADexopt               system_server                        D  No upgrade, skipping A/B artifacts check.
2026-05-07 12:24:13.974   713-713   Watchdog                system_server                        I  Resuming HandlerChecker: main thread for reason: moveab. Pause count: 0
2026-05-07 12:24:13.974   713-713   SystemServerTiming      system_server                        D  StartUserManagerService
2026-05-07 12:24:13.974   713-713   SystemServiceManager    system_server                        I  Starting com.android.server.pm.UserManagerService$LifeCycle
2026-05-07 12:24:13.975   713-713   SystemServerTiming      system_server                        D  InitAttributerCache
2026-05-07 12:24:13.975   713-713   SystemServerTiming      system_server                        D  SetSystemProcess
2026-05-07 12:24:13.983   713-801   LegacyHist...alRegistry system_server                        V  Interaction before persistence initialized
2026-05-07 12:24:13.989   713-713   ActivityManager         system_server                        D  StatsPullAtomService not ready yet
2026-05-07 12:24:13.992   713-758   ActivityManager         system_server                        I  Connection with lmkd established
2026-05-07 12:24:13.994   713-713   ActivityManager         system_server                        D  StatsPullAtomService not ready yet
2026-05-07 12:24:14.000   713-713   SystemServerTiming      system_server                        D  InitWatchdog
2026-05-07 12:24:14.039   713-713   SystemServerTiming      system_server                        D  StartOverlayManagerService
2026-05-07 12:24:14.049   713-713   OverlayManager          system_server                        I  Updating overlays for starting user 0
2026-05-07 12:24:14.420   713-713   SystemServerTiming      system_server                        D  StartResourcesManagerService
2026-05-07 12:24:14.423   713-713   SystemServerTiming      system_server                        D  StartSensorPrivacyService
2026-05-07 12:24:14.424   713-744   Configuration           system_server                        V  Updating configuration, locales updated from [] to [en_US]
2026-05-07 12:24:14.433   713-744   ActivityTaskManager     system_server                        W  Skip updateConfiguration because mWindowManager isn't set
2026-05-07 12:24:14.441   713-744   BroadcastLoopers        system_server                        W  Found previously unknown looper Thread[android.fg,5,main]
2026-05-07 12:24:14.450   713-713   SystemServerTiming      system_server                        D  StartSensorService
2026-05-07 12:24:14.450   713-713   SystemServiceManager    system_server                        I  Starting com.android.server.sensors.SensorService
2026-05-07 12:24:14.453   713-811   SystemServerTimingAsync system_server                        D  InitThreadPoolExec:StartNativeSensorService
2026-05-07 12:24:14.453   713-811   SystemServerTimingAsync system_server                        D  StartNativeSensorService
2026-05-07 12:24:14.454   713-713   SystemServerTiming      system_server                        D  startCoreServices
2026-05-07 12:24:14.454   713-713   SystemServerTiming      system_server                        D  StartSystemConfigService
2026-05-07 12:24:14.454   713-713   SystemServiceManager    system_server                        I  Starting com.android.server.SystemConfigService
2026-05-07 12:24:14.456   713-713   SystemServerTiming      system_server                        D  StartBatteryService
2026-05-07 12:24:14.457   713-713   SystemServiceManager    system_server                        I  Starting com.android.server.BatteryService
2026-05-07 12:24:14.481   713-811   LegacyHist...alRegistry system_server                        V  Interaction before persistence initialized
2026-05-07 12:24:14.486   713-713   HealthServ...rapperAidl system_server                        I  health: HealthServiceWrapper listening to AIDL HAL
2026-05-07 12:24:14.487   713-713   BatteryService          system_server                        I  health: Waited 0ms and received the update.
2026-05-07 12:24:14.489   713-713   SystemServerTiming      system_server                        D  StartUsageService
2026-05-07 12:24:14.489   713-713   SystemServiceManager    system_server                        I  Starting com.android.server.usage.UsageStatsService
2026-05-07 12:24:14.507   713-798   PackageManager          system_server                        W  Skipping preparing app data for com.google.android.tzdata6
2026-05-07 12:24:14.507   713-798   PackageManager          system_server                        W  Skipping preparing app data for com.google.android.ondevicepersonalization
2026-05-07 12:24:14.507   713-798   PackageManager          system_server                        W  Skipping preparing app data for com.android.hardware.authsecret
2026-05-07 12:24:14.507   713-798   PackageManager          system_server                        W  Skipping preparing app data for com.android.hardware.power
2026-05-07 12:24:14.507   713-798   PackageManager          system_server                        W  Skipping preparing app data for com.google.android.media.swcodec
2026-05-07 12:24:14.507   713-798   PackageManager          system_server                        W  Skipping preparing app data for com.google.android.os.statsd
2026-05-07 12:24:14.508   713-798   PackageManager          system_server                        W  Skipping preparing app data for com.google.android.widevine.nonupdatable
2026-05-07 12:24:14.508   713-713   SystemServerTiming      system_server                        D  StartWebViewUpdateService
2026-05-07 12:24:14.508   713-798   PackageManager          system_server                        W  Skipping preparing app data for com.android.hardware.threadnetwork
2026-05-07 12:24:14.508   713-798   PackageManager          system_server                        W  Skipping preparing app data for com.google.android.extservices
2026-05-07 12:24:14.508   713-798   PackageManager          system_server                        W  Skipping preparing app data for com.android.hardware.rebootescrow
2026-05-07 12:24:14.508   713-798   PackageManager          system_server                        W  Skipping preparing app data for com.google.android.sdksandbox
2026-05-07 12:24:14.508   713-713   SystemServiceManager    system_server                        I  Starting com.android.server.webkit.WebViewUpdateService
2026-05-07 12:24:14.509   713-798   PackageManager          system_server                        W  Skipping preparing app data for com.google.android.bt
2026-05-07 12:24:14.509   713-798   PackageManager          system_server                        W  Skipping preparing app data for com.google.android.healthfitness
2026-05-07 12:24:14.509   713-798   PackageManager          system_server                        W  Skipping preparing app data for com.google.android.ipsec
2026-05-07 12:24:14.509   713-798   PackageManager          system_server                        W  Skipping preparing app data for com.google.android.media
2026-05-07 12:24:14.509   713-798   PackageManager          system_server                        W  Skipping preparing app data for com.google.android.uprobestats
2026-05-07 12:24:14.509   713-798   PackageManager          system_server                        W  Skipping preparing app data for com.android.i18n
2026-05-07 12:24:14.509   713-798   PackageManager          system_server                        W  Skipping preparing app data for com.android.virt
2026-05-07 12:24:14.509   713-798   PackageManager          system_server                        W  Skipping preparing app data for com.android.hardware.contexthub
2026-05-07 12:24:14.509   713-798   PackageManager          system_server                        W  Skipping preparing app data for com.google.android.nfcservices
2026-05-07 12:24:14.509   713-798   PackageManager          system_server                        W  Skipping preparing app data for com.android.hardware.dumpstate
2026-05-07 12:24:14.509   713-798   PackageManager          system_server                        W  Skipping preparing app data for com.google.android.appsearch
2026-05-07 12:24:14.509   713-798   PackageManager          system_server                        W  Skipping preparing app data for com.google.android.configinfrastructure
2026-05-07 12:24:14.509   713-798   PackageManager          system_server                        W  Skipping preparing app data for com.android.devicelock
2026-05-07 12:24:14.509   713-798   PackageManager          system_server                        W  Skipping preparing app data for com.google.android.cellbroadcast
2026-05-07 12:24:14.509   713-798   PackageManager          system_server                        W  Skipping preparing app data for com.android.apex.cts.shim
2026-05-07 12:24:14.509   713-798   PackageManager          system_server                        W  Skipping preparing app data for com.android.compos
2026-05-07 12:24:14.509   713-798   PackageManager          system_server                        W  Skipping preparing app data for com.android.hardware.gatekeeper
2026-05-07 12:24:14.509   713-798   PackageManager          system_server                        W  Skipping preparing app data for com.google.android.resolv
2026-05-07 12:24:14.509   713-798   PackageManager          system_server                        W  Skipping preparing app data for com.google.android.sdkext
2026-05-07 12:24:14.509   713-798   PackageManager          system_server                        W  Skipping preparing app data for com.google.android.art
2026-05-07 12:24:14.509   713-798   PackageManager          system_server                        W  Skipping preparing app data for com.google.android.uwb
2026-05-07 12:24:14.509   713-798   PackageManager          system_server                        W  Skipping preparing app data for com.google.android.runtime
2026-05-07 12:24:14.509   713-798   PackageManager          system_server                        W  Skipping preparing app data for com.android.hardware.cas
2026-05-07 12:24:14.509   713-798   PackageManager          system_server                        W  Skipping preparing app data for com.android.hardware.uwb
2026-05-07 12:24:14.510   713-798   PackageManager          system_server                        W  Skipping preparing app data for com.google.android.adservices
2026-05-07 12:24:14.510   713-798   PackageManager          system_server                        W  Skipping preparing app data for com.google.android.crashrecovery
2026-05-07 12:24:14.510   713-798   PackageManager          system_server                        W  Skipping preparing app data for com.google.android.scheduling
2026-05-07 12:24:14.510   713-798   PackageManager          system_server                        W  Skipping preparing app data for com.android.hardware.thermal
2026-05-07 12:24:14.510   713-798   PackageManager          system_server                        W  Skipping preparing app data for com.google.android.mediaprovider
2026-05-07 12:24:14.510   713-798   PackageManager          system_server                        W  Skipping preparing app data for com.android.hardware.neuralnetworks
2026-05-07 12:24:14.510   713-798   PackageManager          system_server                        W  Skipping preparing app data for com.google.android.permission
2026-05-07 12:24:14.510   713-798   PackageManager          system_server                        W  Skipping preparing app data for com.google.android.profiling
2026-05-07 12:24:14.510   713-798   PackageManager          system_server                        W  Skipping preparing app data for com.google.android.neuralnetworks
2026-05-07 12:24:14.510   713-798   PackageManager          system_server                        W  Skipping preparing app data for com.google.android.tethering
2026-05-07 12:24:14.510   713-798   PackageManager          system_server                        W  Skipping preparing app data for com.google.android.adbd
2026-05-07 12:24:14.510   713-798   PackageManager          system_server                        W  Skipping preparing app data for com.google.android.rkpd
2026-05-07 12:24:14.510   713-798   PackageManager          system_server                        W  Skipping preparing app data for com.google.android.wifi
2026-05-07 12:24:14.510   713-798   PackageManager          system_server                        W  Skipping preparing app data for com.google.android.conscrypt
2026-05-07 12:24:14.510   713-798   PackageManager          system_server                        W  Skipping preparing app data for com.android.hardware.vibrator
2026-05-07 12:24:14.512   713-713   SystemServerTiming      system_server                        D  StartCachedDeviceStateService
2026-05-07 12:24:14.512   713-713   SystemServiceManager    system_server                        I  Starting com.android.server.CachedDeviceStateService
2026-05-07 12:24:14.513   713-713   SystemServerTiming      system_server                        D  StartBinderCallsStatsService
2026-05-07 12:24:14.513   713-713   SystemServiceManager    system_server                        I  Starting com.android.server.BinderCallsStatsService$LifeCycle
2026-05-07 12:24:14.516   713-713   SystemServerTiming      system_server                        D  StartLooperStatsService
2026-05-07 12:24:14.516   713-713   SystemServiceManager    system_server                        I  Starting com.android.server.LooperStatsService$Lifecycle
2026-05-07 12:24:14.520   713-713   SystemServerTiming      system_server                        D  StartRollbackManagerService
2026-05-07 12:24:14.520   713-713   SystemServiceManager    system_server                        I  Starting com.android.server.rollback.RollbackManagerService
2026-05-07 12:24:14.526   713-713   PackageWatchdog         system_server                        I  Syncing state, reason: added new observer
2026-05-07 12:24:14.526   713-713   PackageWatchdog         system_server                        I  Not pruning observers, elapsed time: 0ms
2026-05-07 12:24:14.526   713-713   PackageWatchdog         system_server                        I  Cancelling state sync, nothing to sync
2026-05-07 12:24:14.526   713-765   PackageWatchdog         system_server                        I  Saving observer state to file
2026-05-07 12:24:14.543   713-713   SystemServerTiming      system_server                        D  StartNativeTombstoneManagerService
2026-05-07 12:24:14.543   713-713   SystemServiceManager    system_server                        I  Starting com.android.server.os.NativeTombstoneManagerService
2026-05-07 12:24:14.545   713-713   SystemServerTiming      system_server                        D  StartBugreportManagerService
2026-05-07 12:24:14.545   713-713   SystemServiceManager    system_server                        I  Starting com.android.server.os.BugreportManagerService
2026-05-07 12:24:14.546   713-713   SystemServerTiming      system_server                        D  GpuService
2026-05-07 12:24:14.546   713-713   SystemServiceManager    system_server                        I  Starting com.android.server.gpu.GpuService
2026-05-07 12:24:14.547   713-713   SystemServerTiming      system_server                        D  StartRemoteProvisioningService
2026-05-07 12:24:14.547   713-713   SystemServiceManager    system_server                        I  Starting com.android.server.security.rkp.RemoteProvisioningService
2026-05-07 12:24:14.548   713-713   SystemServerTiming      system_server                        D  startOtherServices
2026-05-07 12:24:14.549   713-713   SystemServerTiming      system_server                        D  StartKeyAttestationApplicationIdProviderService
2026-05-07 12:24:14.549   713-824   SystemServerTimingAsync system_server                        D  InitThreadPoolExec:SecondaryZygotePreload
2026-05-07 12:24:14.549   713-824   SystemServer            system_server                        I  SecondaryZygotePreload
2026-05-07 12:24:14.549   713-824   SystemServerTimingAsync system_server                        D  SecondaryZygotePreload
